[2026-07-21 05:09:36.044] [info] [TOGSim] Command line: /workspace/PyTorchSim/TOGSim/build/bin/Simulator --config /workspace/PyTorchSim/configs/systolic_ws_128x128_c1_booksim_tpuv3.yml --models_list /data/c1_fly_tpuv3/togsim_results/20260721_050936_de6d3cd6.trace
[2026-07-21 05:09:36.045] [info] [LoadConfig] Loaded configuration file "/workspace/PyTorchSim/configs/systolic_ws_128x128_c1_booksim_tpuv3.yml"
[2026-07-21 05:09:36.045] [info] PyTorchSim config:
num_cores: 1
core_freq_mhz: 940
core_stats_print_period_cycles: 10000
num_systolic_array_per_core: 2
vpu_num_lanes: 128
vpu_spad_size_kb_per_lane: 128
vpu_vector_length_bits: 256
dram_type: ramulator2
dram_freq_mhz: 940
dram_channels: 16
dram_stats_print_period_cycles: 10000
ramulator_config_path: ../configs/ramulator2_configs/HBM2_TPUv3.yaml
icnt_type: booksim2
icnt_freq_mhz: 940
icnt_injection_ports_per_core: 16
booksim_config_path: ../configs/booksim2_configs/fly_c16_m16.icnt
pytorchsim_functional_mode: 1
pytorchsim_timing_mode: 1
codegen_mapping_strategy: autotune
codegen_external_mapping_file: ""
codegen_autotune_max_retry: 10
codegen_autotune_template_topk: 4
codegen_compiler_optimization: all
[2026-07-21 05:09:36.046] [info] [Config/Core] core_id: 0, partition_id: 0 (no partition section)
[2026-07-21 05:09:36.046] [info] [Config/Core] Core 0: core_freq_mhz: 940, systolic_arrays_per_core: 2
[2026-07-21 05:09:36.046] [info] [Config/DRAM] Ramulator2 config path: /workspace/PyTorchSim/configs/ramulator2_configs/HBM2_TPUv3.yaml
[2026-07-21 05:09:36.046] [info] [Config/DRAM] Ramulator2 configuration :
{
  "frontend": {
    "impl": "External",
    "clock_ratio": 1
  },
  "memory_system": {
    "impl": "GenericDRAM",
    "clock_ratio": 1,
    "channel_mapper": {
      "impl": "PassThroughChannelMapper"
    },
    "controllers": [{
      "impl": "HBM",
      "wr_low_watermark": 0.2,
      "wr_high_watermark": 0.8,
      "read_buffer_size": 64,
      "write_buffer_size": 64,
      "priority_buffer_size": 1568,
      "scheduler": {
        "impl": "FRFCFS"
      },
      "refresh_manager": {
        "impl": "AllBank",
        "scope": "PseudoChannel"
      },
      "row_policy": {
        "impl": "Open"
      },
      "addr_mapper": {
        "impl": "RoBaRaCoCh"
      },
      "dram": {
        "impl": "HBM2",
        "org": {
          "dq": 64,
          "count": [1, 2, 4, 4, 65536, 32]
        },
        "timing": [1880, 2, 13, 13, 11, 13, 31, 44, 15, 5, 5, 2, 4, 4, 4, 6, 8, 15, 329, 151, 8, 3666, 115, 1064],
        "channel_width": 64,
        "read_latency": 15,
        "timing_constraints": [[0, [0], [0, 1, 2, 7, 8], 2], [1, [3, 5], [3, 5], 2], [1, [4, 6], [4, 6], 2], [1, [3, 5], [3, 5], 2], [1, [4, 6], [4, 6], 2], [1, [3, 5], [4, 6], 12], [1, [4, 6], [3, 5], 13], [1, [3], [2], 5], [1, [4], [2], 22], [1, [0], [0], 4], [1, [0], [0], 15, 4], [1, [0], [2], 32], [1, [2], [0], 12], [1, [0], [7], 45], [1, [1, 2], [7], 13], [1, [5], [7], 18], [1, [6], [7], 35], [1, [7], [0], 328], [1, [7], [2], 329], [1, [8], [0], 7], [1, [0], [8], 5], [2, [3, 5], [3, 5], 4], [2, [4, 6], [4, 6], 4], [2, [4, 6], [3, 5], 15], [2, [0], [0], 4], [3, [0], [0], 44], [3, [0], [3, 5], 14], [3, [0], [4, 6], 12], [3, [0], [1], 32], [3, [1], [0], 12], [3, [3], [1], 5], [3, [4], [1], 22], [3, [5], [0], 17], [3, [6], [0], 34], [3, [8], [0], 150], [3, [0], [8], 45], [3, [1], [8], 13]]
      }
    }]
  }
}
[2026-07-21 05:09:36.046] [info] [Config/DRAM] Total bandwidth 481.28 GB/s, 940 MHz, 16 channels, 32 bytes per request
[2026-07-21 05:09:36.046] [info] [Config/L2Cache] No L2 cache
[2026-07-21 05:09:36.057] [info] [Config/Interconnect] interconnect_freq_mhz: 940
[2026-07-21 05:09:36.057] [info] [Config/Interconnect] BookSim2 interconnect selected
[2026-07-21 05:09:36.057] [info] Initialize Booksim2
[2026-07-21 05:09:36.057] [info] Booksim 2 config path : /workspace/PyTorchSim/configs/booksim2_configs/fly_c16_m16.icnt
[2026-07-21 05:09:36.057] [info] Booksim2 Configuration: 
[config]
use_map = 0
flit_size = 32
topology = fly
k = 32
n = 1
routing_function = dest_tag
subnets = 1

vc_buf_size = 256
input_buffer_size = 256
ejection_buffer_size = 256
boundary_buffer_size = 256
wait_for_tail_credit = 0
vc_allocator = islip
sw_allocator = islip
alloc_iters = 1
deadlock_warn_timeout = 10000
[2026-07-21 05:09:36.058] [info] [TOGSim] Reading trace file: /data/c1_fly_tpuv3/togsim_results/20260721_050936_de6d3cd6.trace
[2026-07-21 05:09:36.058] [info] [LoadConfig] Loaded configuration file "/data/c1_fly_tpuv3/outputs/fqywo6ndalo/runtime_0001/attribute/0"
[2026-07-21 05:09:36.059] [info] [Scheduler 0] Enqueued kernel_id: 0, tog_path: /data/c1_fly_tpuv3/outputs/fqywo6ndalo/tile_graph.onnx, operation: mm, request_time_cycles: 0
[2026-07-21 05:09:37.295] [info] ========= Core stat =========
[2026-07-21 05:09:37.295] [info] Core [0] : Systolic array [0] utilization(%): 44.26, active_cycles: 4426, idle_cycles: 5574
[2026-07-21 05:09:37.295] [info] Core [0] : Systolic array [1] utilization(%): 43.53, active_cycles: 4353, idle_cycles: 5647
[2026-07-21 05:09:37.295] [info] Core [0] : DMA active_cycles: 8905, DMA idle_cycles: 1095, DRAM BW: 278.000 GB/s (92430 responses)
[2026-07-21 05:09:37.295] [info] Core [0] : Vector unit Utilization(%): 10.91, active_cycles: 1091, idle_cycles: 8910
[2026-07-21 05:09:37.295] [info] Core [0] : Total_cycles: 10000
[2026-07-21 05:09:37.295] [info] [DRAM] all 16 channels combined | 325.03 GB/s aggregate, 67.53% of utilization (avg. per channel) | 108055 reads, 0 writes (interval 10000 cycles)
[2026-07-21 05:09:39.519] [info] ========= Core stat =========
[2026-07-21 05:09:39.519] [info] Core [0] : Systolic array [0] utilization(%): 96.66, active_cycles: 9666, idle_cycles: 334
[2026-07-21 05:09:39.519] [info] Core [0] : Systolic array [1] utilization(%): 97.38, active_cycles: 9738, idle_cycles: 262
[2026-07-21 05:09:39.519] [info] Core [0] : DMA active_cycles: 7479, DMA idle_cycles: 2521, DRAM BW: 311.000 GB/s (103506 responses)
[2026-07-21 05:09:39.519] [info] Core [0] : Vector unit Utilization(%): 0.00, active_cycles: 0, idle_cycles: 10000
[2026-07-21 05:09:39.519] [info] Core [0] : Total_cycles: 20000
[2026-07-21 05:09:39.519] [info] [DRAM] all 16 channels combined | 307.62 GB/s aggregate, 63.92% of utilization (avg. per channel) | 102268 reads, 0 writes (interval 10000 cycles)
[2026-07-21 05:09:40.377] [info] ========= Core stat =========
[2026-07-21 05:09:40.377] [info] Core [0] : Systolic array [0] utilization(%): 96.66, active_cycles: 9666, idle_cycles: 334
[2026-07-21 05:09:40.377] [info] Core [0] : Systolic array [1] utilization(%): 96.02, active_cycles: 9602, idle_cycles: 398
[2026-07-21 05:09:40.377] [info] Core [0] : DMA active_cycles: 0, DMA idle_cycles: 10000, DRAM BW: 199.000 GB/s (66208 responses)
[2026-07-21 05:09:40.377] [info] Core [0] : Vector unit Utilization(%): 0.00, active_cycles: 0, idle_cycles: 10000
[2026-07-21 05:09:40.377] [info] Core [0] : Total_cycles: 30000
[2026-07-21 05:09:40.377] [info] [DRAM] all 16 channels combined | 155.88 GB/s aggregate, 32.39% of utilization (avg. per channel) | 51821 reads, 0 writes (interval 10000 cycles)
[2026-07-21 05:09:40.406] [info] [Scheduler 0] Kernel 0 has completed - TOG path: /data/c1_fly_tpuv3/outputs/fqywo6ndalo/tile_graph.onnx operation: mm finished at cycle 39349
[2026-07-21 05:09:40.406] [info] [Scheduler 0] Kernel 0 execution summary - Started at: 1 cycles, Total compute time: 39348 cycles
[2026-07-21 05:09:40.517] [info] ========= Core stat =========
[2026-07-21 05:09:40.517] [info] Core [0] : Systolic array [0] utilization(%): 90.10, active_cycles: 9010, idle_cycles: 990
[2026-07-21 05:09:40.517] [info] Core [0] : Systolic array [1] utilization(%): 90.75, active_cycles: 9075, idle_cycles: 925
[2026-07-21 05:09:40.517] [info] Core [0] : DMA active_cycles: 650, DMA idle_cycles: 9350, DRAM BW: 18.000 GB/s (6093 responses)
[2026-07-21 05:09:40.517] [info] Core [0] : Vector unit Utilization(%): 0.00, active_cycles: 0, idle_cycles: 10000
[2026-07-21 05:09:40.517] [info] Core [0] : Total_cycles: 40000
[2026-07-21 05:09:40.517] [info] [DRAM] all 16 channels combined | 29.07 GB/s aggregate, 6.04% of utilization (avg. per channel) | 0 reads, 9664 writes (interval 10000 cycles)
[2026-07-21 05:09:41.835] [info] ========= Core stat =========
[2026-07-21 05:09:41.835] [info] Core [0] : Systolic array [0] utilization(%): 0.00, active_cycles: 0, idle_cycles: 10000
[2026-07-21 05:09:41.835] [info] Core [0] : Systolic array [1] utilization(%): 0.00, active_cycles: 0, idle_cycles: 10000
[2026-07-21 05:09:41.835] [info] Core [0] : DMA active_cycles: 7542, DMA idle_cycles: 2458, DRAM BW: 316.000 GB/s (105100 responses)
[2026-07-21 05:09:41.835] [info] Core [0] : Vector unit Utilization(%): 0.00, active_cycles: 0, idle_cycles: 10000
[2026-07-21 05:09:41.835] [info] Core [0] : Total_cycles: 50000
[2026-07-21 05:09:41.835] [info] [DRAM] all 16 channels combined | 365.20 GB/s aggregate, 75.88% of utilization (avg. per channel) | 0 reads, 121408 writes (interval 10000 cycles)
[2026-07-21 05:09:41.896] [info] Simulation finished
Class 0:
Packet latency average = 1213.39
	minimum = 7
	maximum = 3252
Network latency average = 1139.86
	minimum = 7
	maximum = 2904
Slowest packet = 241593
Flit latency average = 1139.86
	minimum = 7
	maximum = 2904
Slowest flit = 489978
Fragmentation average = 0
	minimum = 0
	maximum = 0
Injected packet rate average = 0.472416
	minimum = 0.470013 (at node 13)
	maximum = 0.475779 (at node 3)
Accepted packet rate average = 0.472416
	minimum = 0.471031 (at node 4)
	maximum = 0.4738 (at node 5)
Injected flit rate average = 0.472416
	minimum = 0.470013 (at node 13)
	maximum = 0.475779 (at node 3)
Accepted flit rate average= 0.472416
	minimum = 0.471031 (at node 4)
	maximum = 0.4738 (at node 5)
Injected packet length average = 1
Accepted packet length average = 1
Total in-flight flits = 0 (0 measured)
[2026-07-21 05:09:41.896] [info] === DRAM statistics ===
--- channel 0 ---
frontend:
  impl: External

memory_system:
  impl: GenericDRAM
  total_num_read_requests: 16344
  total_num_write_requests: 8192
  channel_mapper:
    impl: PassThroughChannelMapper


  controller:
    impl: HBM
    id: Channel 0
    cycles: 52022
    row_hits: 17137
    row_misses: 669
    row_conflicts: 6730
    read_row_hits: 9994
    read_row_misses: 545
    read_row_conflicts: 5805
    write_row_hits: 7143
    write_row_misses: 124
    write_row_conflicts: 925
    read_row_hits_core_0: 9994
    read_row_misses_core_0: 545
    read_row_conflicts_core_0: 5805
    num_read_reqs: 16344
    num_write_reqs: 8192
    num_maintenance_reqs: 28
    num_read_reqs_served: 16344
    num_write_reqs_served: 8192
    num_maintenance_reqs_served: 28
    queue_len: 2031543
    read_queue_len: 1474506
    write_queue_len: 556164
    priority_queue_len: 873
    queue_len_avg: 39.0516
    read_queue_len_avg: 28.3439
    write_queue_len_avg: 10.6909
    priority_queue_len_avg: 0.0167814
    read_latency: 1812363
    avg_read_latency: 110.889
    scheduler:
      impl: FRFCFS

    refresh_manager:
      impl: AllBank

    row_policy:
      impl: Open

    addr_mapper:
      impl: RoBaRaCoCh



--- channel 1 ---
frontend:
  impl: External

memory_system:
  impl: GenericDRAM
  total_num_read_requests: 16360
  total_num_write_requests: 8192
  channel_mapper:
    impl: PassThroughChannelMapper


  controller:
    impl: HBM
    id: Channel 0
    cycles: 52022
    row_hits: 17150
    row_misses: 695
    row_conflicts: 6707
    read_row_hits: 10007
    read_row_misses: 571
    read_row_conflicts: 5782
    write_row_hits: 7143
    write_row_misses: 124
    write_row_conflicts: 925
    read_row_hits_core_0: 10007
    read_row_misses_core_0: 571
    read_row_conflicts_core_0: 5782
    num_read_reqs: 16360
    num_write_reqs: 8192
    num_maintenance_reqs: 28
    num_read_reqs_served: 16360
    num_write_reqs_served: 8192
    num_maintenance_reqs_served: 28
    queue_len: 2027369
    read_queue_len: 1470298
    write_queue_len: 556164
    priority_queue_len: 907
    queue_len_avg: 38.9714
    read_queue_len_avg: 28.263
    write_queue_len_avg: 10.6909
    priority_queue_len_avg: 0.0174349
    read_latency: 1808406
    avg_read_latency: 110.538
    scheduler:
      impl: FRFCFS

    refresh_manager:
      impl: AllBank

    row_policy:
      impl: Open

    addr_mapper:
      impl: RoBaRaCoCh



--- channel 2 ---
frontend:
  impl: External

memory_system:
  impl: GenericDRAM
  total_num_read_requests: 16408
  total_num_write_requests: 8192
  channel_mapper:
    impl: PassThroughChannelMapper


  controller:
    impl: HBM
    id: Channel 0
    cycles: 52022
    row_hits: 17135
    row_misses: 673
    row_conflicts: 6792
    read_row_hits: 9992
    read_row_misses: 549
    read_row_conflicts: 5867
    write_row_hits: 7143
    write_row_misses: 124
    write_row_conflicts: 925
    read_row_hits_core_0: 9992
    read_row_misses_core_0: 549
    read_row_conflicts_core_0: 5867
    num_read_reqs: 16408
    num_write_reqs: 8192
    num_maintenance_reqs: 28
    num_read_reqs_served: 16408
    num_write_reqs_served: 8192
    num_maintenance_reqs_served: 28
    queue_len: 2042317
    read_queue_len: 1485252
    write_queue_len: 556164
    priority_queue_len: 901
    queue_len_avg: 39.2587
    read_queue_len_avg: 28.5505
    write_queue_len_avg: 10.6909
    priority_queue_len_avg: 0.0173196
    read_latency: 1824962
    avg_read_latency: 111.224
    scheduler:
      impl: FRFCFS

    refresh_manager:
      impl: AllBank

    row_policy:
      impl: Open

    addr_mapper:
      impl: RoBaRaCoCh



--- channel 3 ---
frontend:
  impl: External

memory_system:
  impl: GenericDRAM
  total_num_read_requests: 16424
  total_num_write_requests: 8192
  channel_mapper:
    impl: PassThroughChannelMapper


  controller:
    impl: HBM
    id: Channel 0
    cycles: 52022
    row_hits: 17173
    row_misses: 672
    row_conflicts: 6771
    read_row_hits: 10030
    read_row_misses: 548
    read_row_conflicts: 5846
    write_row_hits: 7143
    write_row_misses: 124
    write_row_conflicts: 925
    read_row_hits_core_0: 10030
    read_row_misses_core_0: 548
    read_row_conflicts_core_0: 5846
    num_read_reqs: 16424
    num_write_reqs: 8192
    num_maintenance_reqs: 28
    num_read_reqs_served: 16424
    num_write_reqs_served: 8192
    num_maintenance_reqs_served: 28
    queue_len: 2037906
    read_queue_len: 1480846
    write_queue_len: 556164
    priority_queue_len: 896
    queue_len_avg: 39.1739
    read_queue_len_avg: 28.4658
    write_queue_len_avg: 10.6909
    priority_queue_len_avg: 0.0172235
    read_latency: 1820389
    avg_read_latency: 110.837
    scheduler:
      impl: FRFCFS

    refresh_manager:
      impl: AllBank

    row_policy:
      impl: Open

    addr_mapper:
      impl: RoBaRaCoCh



--- channel 4 ---
frontend:
  impl: External

memory_system:
  impl: GenericDRAM
  total_num_read_requests: 16360
  total_num_write_requests: 8192
  channel_mapper:
    impl: PassThroughChannelMapper


  controller:
    impl: HBM
    id: Channel 0
    cycles: 52022
    row_hits: 17149
    row_misses: 642
    row_conflicts: 6761
    read_row_hits: 10006
    read_row_misses: 518
    read_row_conflicts: 5836
    write_row_hits: 7143
    write_row_misses: 124
    write_row_conflicts: 925
    read_row_hits_core_0: 10006
    read_row_misses_core_0: 518
    read_row_conflicts_core_0: 5836
    num_read_reqs: 16360
    num_write_reqs: 8192
    num_maintenance_reqs: 28
    num_read_reqs_served: 16360
    num_write_reqs_served: 8192
    num_maintenance_reqs_served: 28
    queue_len: 2031462
    read_queue_len: 1474377
    write_queue_len: 556164
    priority_queue_len: 921
    queue_len_avg: 39.0501
    read_queue_len_avg: 28.3414
    write_queue_len_avg: 10.6909
    priority_queue_len_avg: 0.017704
    read_latency: 1812421
    avg_read_latency: 110.784
    scheduler:
      impl: FRFCFS

    refresh_manager:
      impl: AllBank

    row_policy:
      impl: Open

    addr_mapper:
      impl: RoBaRaCoCh



--- channel 5 ---
frontend:
  impl: External

memory_system:
  impl: GenericDRAM
  total_num_read_requests: 16344
  total_num_write_requests: 8192
  channel_mapper:
    impl: PassThroughChannelMapper


  controller:
    impl: HBM
    id: Channel 0
    cycles: 52022
    row_hits: 17117
    row_misses: 685
    row_conflicts: 6734
    read_row_hits: 9974
    read_row_misses: 561
    read_row_conflicts: 5809
    write_row_hits: 7143
    write_row_misses: 124
    write_row_conflicts: 925
    read_row_hits_core_0: 9974
    read_row_misses_core_0: 561
    read_row_conflicts_core_0: 5809
    num_read_reqs: 16344
    num_write_reqs: 8192
    num_maintenance_reqs: 28
    num_read_reqs_served: 16344
    num_write_reqs_served: 8192
    num_maintenance_reqs_served: 28
    queue_len: 2036112
    read_queue_len: 1479031
    write_queue_len: 556164
    priority_queue_len: 917
    queue_len_avg: 39.1394
    read_queue_len_avg: 28.4309
    write_queue_len_avg: 10.6909
    priority_queue_len_avg: 0.0176272
    read_latency: 1817149
    avg_read_latency: 111.181
    scheduler:
      impl: FRFCFS

    refresh_manager:
      impl: AllBank

    row_policy:
      impl: Open

    addr_mapper:
      impl: RoBaRaCoCh



--- channel 6 ---
frontend:
  impl: External

memory_system:
  impl: GenericDRAM
  total_num_read_requests: 16424
  total_num_write_requests: 8192
  channel_mapper:
    impl: PassThroughChannelMapper


  controller:
    impl: HBM
    id: Channel 0
    cycles: 52022
    row_hits: 17188
    row_misses: 669
    row_conflicts: 6759
    read_row_hits: 10045
    read_row_misses: 545
    read_row_conflicts: 5834
    write_row_hits: 7143
    write_row_misses: 124
    write_row_conflicts: 925
    read_row_hits_core_0: 10045
    read_row_misses_core_0: 545
    read_row_conflicts_core_0: 5834
    num_read_reqs: 16424
    num_write_reqs: 8192
    num_maintenance_reqs: 28
    num_read_reqs_served: 16424
    num_write_reqs_served: 8192
    num_maintenance_reqs_served: 28
    queue_len: 2037577
    read_queue_len: 1480468
    write_queue_len: 556164
    priority_queue_len: 945
    queue_len_avg: 39.1676
    read_queue_len_avg: 28.4585
    write_queue_len_avg: 10.6909
    priority_queue_len_avg: 0.0181654
    read_latency: 1819894
    avg_read_latency: 110.807
    scheduler:
      impl: FRFCFS

    refresh_manager:
      impl: AllBank

    row_policy:
      impl: Open

    addr_mapper:
      impl: RoBaRaCoCh



--- channel 7 ---
frontend:
  impl: External

memory_system:
  impl: GenericDRAM
  total_num_read_requests: 16408
  total_num_write_requests: 8192
  channel_mapper:
    impl: PassThroughChannelMapper


  controller:
    impl: HBM
    id: Channel 0
    cycles: 52022
    row_hits: 17121
    row_misses: 653
    row_conflicts: 6826
    read_row_hits: 9978
    read_row_misses: 529
    read_row_conflicts: 5901
    write_row_hits: 7143
    write_row_misses: 124
    write_row_conflicts: 925
    read_row_hits_core_0: 9978
    read_row_misses_core_0: 529
    read_row_conflicts_core_0: 5901
    num_read_reqs: 16408
    num_write_reqs: 8192
    num_maintenance_reqs: 28
    num_read_reqs_served: 16408
    num_write_reqs_served: 8192
    num_maintenance_reqs_served: 28
    queue_len: 2040324
    read_queue_len: 1483221
    write_queue_len: 556164
    priority_queue_len: 939
    queue_len_avg: 39.2204
    read_queue_len_avg: 28.5114
    write_queue_len_avg: 10.6909
    priority_queue_len_avg: 0.0180501
    read_latency: 1823125
    avg_read_latency: 111.112
    scheduler:
      impl: FRFCFS

    refresh_manager:
      impl: AllBank

    row_policy:
      impl: Open

    addr_mapper:
      impl: RoBaRaCoCh



--- channel 8 ---
frontend:
  impl: External

memory_system:
  impl: GenericDRAM
  total_num_read_requests: 16424
  total_num_write_requests: 8192
  channel_mapper:
    impl: PassThroughChannelMapper


  controller:
    impl: HBM
    id: Channel 0
    cycles: 52022
    row_hits: 17136
    row_misses: 681
    row_conflicts: 6799
    read_row_hits: 9993
    read_row_misses: 557
    read_row_conflicts: 5874
    write_row_hits: 7143
    write_row_misses: 124
    write_row_conflicts: 925
    read_row_hits_core_0: 9993
    read_row_misses_core_0: 557
    read_row_conflicts_core_0: 5874
    num_read_reqs: 16424
    num_write_reqs: 8192
    num_maintenance_reqs: 28
    num_read_reqs_served: 16424
    num_write_reqs_served: 8192
    num_maintenance_reqs_served: 28
    queue_len: 2045332
    read_queue_len: 1488241
    write_queue_len: 556164
    priority_queue_len: 927
    queue_len_avg: 39.3167
    read_queue_len_avg: 28.6079
    write_queue_len_avg: 10.6909
    priority_queue_len_avg: 0.0178194
    read_latency: 1828347
    avg_read_latency: 111.322
    scheduler:
      impl: FRFCFS

    refresh_manager:
      impl: AllBank

    row_policy:
      impl: Open

    addr_mapper:
      impl: RoBaRaCoCh



--- channel 9 ---
frontend:
  impl: External

memory_system:
  impl: GenericDRAM
  total_num_read_requests: 16408
  total_num_write_requests: 8192
  channel_mapper:
    impl: PassThroughChannelMapper


  controller:
    impl: HBM
    id: Channel 0
    cycles: 52022
    row_hits: 17142
    row_misses: 646
    row_conflicts: 6812
    read_row_hits: 9999
    read_row_misses: 522
    read_row_conflicts: 5887
    write_row_hits: 7143
    write_row_misses: 124
    write_row_conflicts: 925
    read_row_hits_core_0: 9999
    read_row_misses_core_0: 522
    read_row_conflicts_core_0: 5887
    num_read_reqs: 16408
    num_write_reqs: 8192
    num_maintenance_reqs: 28
    num_read_reqs_served: 16408
    num_write_reqs_served: 8192
    num_maintenance_reqs_served: 28
    queue_len: 2037333
    read_queue_len: 1480220
    write_queue_len: 556164
    priority_queue_len: 949
    queue_len_avg: 39.1629
    read_queue_len_avg: 28.4537
    write_queue_len_avg: 10.6909
    priority_queue_len_avg: 0.0182423
    read_latency: 1819841
    avg_read_latency: 110.912
    scheduler:
      impl: FRFCFS

    refresh_manager:
      impl: AllBank

    row_policy:
      impl: Open

    addr_mapper:
      impl: RoBaRaCoCh



--- channel 10 ---
frontend:
  impl: External

memory_system:
  impl: GenericDRAM
  total_num_read_requests: 16360
  total_num_write_requests: 8192
  channel_mapper:
    impl: PassThroughChannelMapper


  controller:
    impl: HBM
    id: Channel 0
    cycles: 52022
    row_hits: 17117
    row_misses: 664
    row_conflicts: 6771
    read_row_hits: 9974
    read_row_misses: 540
    read_row_conflicts: 5846
    write_row_hits: 7143
    write_row_misses: 124
    write_row_conflicts: 925
    read_row_hits_core_0: 9974
    read_row_misses_core_0: 540
    read_row_conflicts_core_0: 5846
    num_read_reqs: 16360
    num_write_reqs: 8192
    num_maintenance_reqs: 28
    num_read_reqs_served: 16360
    num_write_reqs_served: 8192
    num_maintenance_reqs_served: 28
    queue_len: 2038415
    read_queue_len: 1481304
    write_queue_len: 556164
    priority_queue_len: 947
    queue_len_avg: 39.1837
    read_queue_len_avg: 28.4746
    write_queue_len_avg: 10.6909
    priority_queue_len_avg: 0.0182038
    read_latency: 1819810
    avg_read_latency: 111.235
    scheduler:
      impl: FRFCFS

    refresh_manager:
      impl: AllBank

    row_policy:
      impl: Open

    addr_mapper:
      impl: RoBaRaCoCh



--- channel 11 ---
frontend:
  impl: External

memory_system:
  impl: GenericDRAM
  total_num_read_requests: 16344
  total_num_write_requests: 8192
  channel_mapper:
    impl: PassThroughChannelMapper


  controller:
    impl: HBM
    id: Channel 0
    cycles: 52022
    row_hits: 17117
    row_misses: 683
    row_conflicts: 6736
    read_row_hits: 9974
    read_row_misses: 559
    read_row_conflicts: 5811
    write_row_hits: 7143
    write_row_misses: 124
    write_row_conflicts: 925
    read_row_hits_core_0: 9974
    read_row_misses_core_0: 559
    read_row_conflicts_core_0: 5811
    num_read_reqs: 16344
    num_write_reqs: 8192
    num_maintenance_reqs: 28
    num_read_reqs_served: 16344
    num_write_reqs_served: 8192
    num_maintenance_reqs_served: 28
    queue_len: 2031602
    read_queue_len: 1474535
    write_queue_len: 556164
    priority_queue_len: 903
    queue_len_avg: 39.0527
    read_queue_len_avg: 28.3444
    write_queue_len_avg: 10.6909
    priority_queue_len_avg: 0.017358
    read_latency: 1812720
    avg_read_latency: 110.91
    scheduler:
      impl: FRFCFS

    refresh_manager:
      impl: AllBank

    row_policy:
      impl: Open

    addr_mapper:
      impl: RoBaRaCoCh



--- channel 12 ---
frontend:
  impl: External

memory_system:
  impl: GenericDRAM
  total_num_read_requests: 16408
  total_num_write_requests: 8192
  channel_mapper:
    impl: PassThroughChannelMapper


  controller:
    impl: HBM
    id: Channel 0
    cycles: 52022
    row_hits: 17137
    row_misses: 643
    row_conflicts: 6820
    read_row_hits: 9994
    read_row_misses: 519
    read_row_conflicts: 5895
    write_row_hits: 7143
    write_row_misses: 124
    write_row_conflicts: 925
    read_row_hits_core_0: 9994
    read_row_misses_core_0: 519
    read_row_conflicts_core_0: 5895
    num_read_reqs: 16408
    num_write_reqs: 8192
    num_maintenance_reqs: 28
    num_read_reqs_served: 16408
    num_write_reqs_served: 8192
    num_maintenance_reqs_served: 28
    queue_len: 2039546
    read_queue_len: 1482455
    write_queue_len: 556164
    priority_queue_len: 927
    queue_len_avg: 39.2055
    read_queue_len_avg: 28.4967
    write_queue_len_avg: 10.6909
    priority_queue_len_avg: 0.0178194
    read_latency: 1822135
    avg_read_latency: 111.052
    scheduler:
      impl: FRFCFS

    refresh_manager:
      impl: AllBank

    row_policy:
      impl: Open

    addr_mapper:
      impl: RoBaRaCoCh



--- channel 13 ---
frontend:
  impl: External

memory_system:
  impl: GenericDRAM
  total_num_read_requests: 16424
  total_num_write_requests: 8192
  channel_mapper:
    impl: PassThroughChannelMapper


  controller:
    impl: HBM
    id: Channel 0
    cycles: 52022
    row_hits: 17176
    row_misses: 666
    row_conflicts: 6774
    read_row_hits: 10033
    read_row_misses: 542
    read_row_conflicts: 5849
    write_row_hits: 7143
    write_row_misses: 124
    write_row_conflicts: 925
    read_row_hits_core_0: 10033
    read_row_misses_core_0: 542
    read_row_conflicts_core_0: 5849
    num_read_reqs: 16424
    num_write_reqs: 8192
    num_maintenance_reqs: 28
    num_read_reqs_served: 16424
    num_write_reqs_served: 8192
    num_maintenance_reqs_served: 28
    queue_len: 2034313
    read_queue_len: 1477200
    write_queue_len: 556164
    priority_queue_len: 949
    queue_len_avg: 39.1049
    read_queue_len_avg: 28.3957
    write_queue_len_avg: 10.6909
    priority_queue_len_avg: 0.0182423
    read_latency: 1816897
    avg_read_latency: 110.625
    scheduler:
      impl: FRFCFS

    refresh_manager:
      impl: AllBank

    row_policy:
      impl: Open

    addr_mapper:
      impl: RoBaRaCoCh



--- channel 14 ---
frontend:
  impl: External

memory_system:
  impl: GenericDRAM
  total_num_read_requests: 16344
  total_num_write_requests: 8192
  channel_mapper:
    impl: PassThroughChannelMapper


  controller:
    impl: HBM
    id: Channel 0
    cycles: 52022
    row_hits: 17091
    row_misses: 688
    row_conflicts: 6757
    read_row_hits: 9948
    read_row_misses: 564
    read_row_conflicts: 5832
    write_row_hits: 7143
    write_row_misses: 124
    write_row_conflicts: 925
    read_row_hits_core_0: 9948
    read_row_misses_core_0: 564
    read_row_conflicts_core_0: 5832
    num_read_reqs: 16344
    num_write_reqs: 8192
    num_maintenance_reqs: 28
    num_read_reqs_served: 16344
    num_write_reqs_served: 8192
    num_maintenance_reqs_served: 28
    queue_len: 2034776
    read_queue_len: 1477667
    write_queue_len: 556164
    priority_queue_len: 945
    queue_len_avg: 39.1138
    read_queue_len_avg: 28.4047
    write_queue_len_avg: 10.6909
    priority_queue_len_avg: 0.0181654
    read_latency: 1816103
    avg_read_latency: 111.117
    scheduler:
      impl: FRFCFS

    refresh_manager:
      impl: AllBank

    row_policy:
      impl: Open

    addr_mapper:
      impl: RoBaRaCoCh



--- channel 15 ---
frontend:
  impl: External

memory_system:
  impl: GenericDRAM
  total_num_read_requests: 16360
  total_num_write_requests: 8192
  channel_mapper:
    impl: PassThroughChannelMapper


  controller:
    impl: HBM
    id: Channel 0
    cycles: 52022
    row_hits: 17171
    row_misses: 647
    row_conflicts: 6734
    read_row_hits: 10028
    read_row_misses: 523
    read_row_conflicts: 5809
    write_row_hits: 7143
    write_row_misses: 124
    write_row_conflicts: 925
    read_row_hits_core_0: 10028
    read_row_misses_core_0: 523
    read_row_conflicts_core_0: 5809
    num_read_reqs: 16360
    num_write_reqs: 8192
    num_maintenance_reqs: 28
    num_read_reqs_served: 16360
    num_write_reqs_served: 8192
    num_maintenance_reqs_served: 28
    queue_len: 2025483
    read_queue_len: 1468428
    write_queue_len: 556164
    priority_queue_len: 891
    queue_len_avg: 38.9351
    read_queue_len_avg: 28.2271
    write_queue_len_avg: 10.6909
    priority_queue_len_avg: 0.0171274
    read_latency: 1806256
    avg_read_latency: 110.407
    scheduler:
      impl: FRFCFS

    refresh_manager:
      impl: AllBank

    row_policy:
      impl: Open

    addr_mapper:
      impl: RoBaRaCoCh



[2026-07-21 05:09:41.896] [info] [DRAM] Per-channel average bandwidth
[2026-07-21 05:09:41.896] [info] [DRAM] channel 0 | 14.19 GB/s avg., 47.16% of utilization | 16344 reads, 8192 writes
[2026-07-21 05:09:41.896] [info] [DRAM] channel 1 | 14.20 GB/s avg., 47.20% of utilization | 16360 reads, 8192 writes
[2026-07-21 05:09:41.896] [info] [DRAM] channel 2 | 14.22 GB/s avg., 47.29% of utilization | 16408 reads, 8192 writes
[2026-07-21 05:09:41.896] [info] [DRAM] channel 3 | 14.23 GB/s avg., 47.32% of utilization | 16424 reads, 8192 writes
[2026-07-21 05:09:41.896] [info] [DRAM] channel 4 | 14.20 GB/s avg., 47.20% of utilization | 16360 reads, 8192 writes
[2026-07-21 05:09:41.896] [info] [DRAM] channel 5 | 14.19 GB/s avg., 47.16% of utilization | 16344 reads, 8192 writes
[2026-07-21 05:09:41.896] [info] [DRAM] channel 6 | 14.23 GB/s avg., 47.32% of utilization | 16424 reads, 8192 writes
[2026-07-21 05:09:41.896] [info] [DRAM] channel 7 | 14.22 GB/s avg., 47.29% of utilization | 16408 reads, 8192 writes
[2026-07-21 05:09:41.896] [info] [DRAM] channel 8 | 14.23 GB/s avg., 47.32% of utilization | 16424 reads, 8192 writes
[2026-07-21 05:09:41.896] [info] [DRAM] channel 9 | 14.22 GB/s avg., 47.29% of utilization | 16408 reads, 8192 writes
[2026-07-21 05:09:41.896] [info] [DRAM] channel 10 | 14.20 GB/s avg., 47.20% of utilization | 16360 reads, 8192 writes
[2026-07-21 05:09:41.896] [info] [DRAM] channel 11 | 14.19 GB/s avg., 47.16% of utilization | 16344 reads, 8192 writes
[2026-07-21 05:09:41.896] [info] [DRAM] channel 12 | 14.22 GB/s avg., 47.29% of utilization | 16408 reads, 8192 writes
[2026-07-21 05:09:41.896] [info] [DRAM] channel 13 | 14.23 GB/s avg., 47.32% of utilization | 16424 reads, 8192 writes
[2026-07-21 05:09:41.896] [info] [DRAM] channel 14 | 14.19 GB/s avg., 47.16% of utilization | 16344 reads, 8192 writes
[2026-07-21 05:09:41.896] [info] [DRAM] channel 15 | 14.20 GB/s avg., 47.20% of utilization | 16360 reads, 8192 writes
[2026-07-21 05:09:41.896] [info] [DRAM] channels 0..15 combined | 227.36 GB/s aggregate, 47.24% of utilization (avg. per channel) | 262144 reads, 131072 writes
[2026-07-21 05:09:41.896] [info] ===== Instructions count =====
[2026-07-21 05:09:41.896] [info] Core [0] : MOVIN    inst_count: 36
[2026-07-21 05:09:41.896] [info] Core [0] : MOVOUT   inst_count: 1
[2026-07-21 05:09:41.896] [info] Core [0] : COMP     inst_count: 577 (GEMM: 576, Vector: 1)
[2026-07-21 05:09:41.896] [info] Core [0] : BAR      inst_count: 576
[2026-07-21 05:09:41.896] [info] ========= Core stat =========
[2026-07-21 05:09:41.896] [info] Core [0] : Systolic array [0] utilization(%): 62.99, active_cycles: 32768, idle_cycles: 19254
[2026-07-21 05:09:41.896] [info] Core [0] : Systolic array [1] utilization(%): 62.99, active_cycles: 32768, idle_cycles: 19254
[2026-07-21 05:09:41.896] [info] Core [0] : DMA active_cycles: 24576, DMA idle_cycles: 27446, DRAM BW: 227.000 GB/s (393216 responses)
[2026-07-21 05:09:41.896] [info] Core [0] : Vector unit utilization(%): 2.10, active cycle: 1091, idle_cycle: 0
[2026-07-21 05:09:41.896] [info] Core [0] : NUMA local memory: 393216 requests, remote memory: 0 requests
[2026-07-21 05:09:41.896] [info] Core [0] : Total_cycles: 52022
[2026-07-21 05:09:41.896] [info] Total execution cycles: 52022
[2026-07-21 05:09:41.896] [info] Wall-clock time for simulation: 5.851937 seconds
